[2026-07-27 16:52:03] [INFO    ] discord.client: logging in using static token
[2026-07-27 16:52:06] [INFO    ] discord.gateway: Shard ID None has connected to Gateway (Session ID: f6fc2b24846d37725b9794efdbab25f8).
[2026-07-27 16:57:09] [WARNING ] discord.gateway: Shard ID None heartbeat blocked for more than 10 seconds.
Loop thread traceback (most recent call last):
  File "C:\Users\pisc639\Documents\kmutnb\old-exam\bot\bot.py", line 124, in <module>
    asyncio.run(main())
  File "C:\Python314\Lib\asyncio\runners.py", line 204, in run
    return runner.run(main)
  File "C:\Python314\Lib\asyncio\runners.py", line 127, in run
    return self._loop.run_until_complete(task)
  File "C:\Python314\Lib\asyncio\base_events.py", line 706, in run_until_complete
    self.run_forever()
  File "C:\Python314\Lib\asyncio\base_events.py", line 677, in run_forever
    self._run_once()
  File "C:\Python314\Lib\asyncio\base_events.py", line 2057, in _run_once
    handle._run()
  File "C:\Python314\Lib\asyncio\events.py", line 94, in _run
    self._context.run(self._callback, *self._args)
  File "C:\Users\pisc639\AppData\Roaming\Python\Python314\site-packages\discord\app_commands\tree.py", line 1138, in wrapper
    await self._call(interaction)
  File "C:\Users\pisc639\AppData\Roaming\Python\Python314\site-packages\discord\app_commands\tree.py", line 1302, in _call
    await command._invoke_with_namespace(interaction, namespace)
  File "C:\Users\pisc639\AppData\Roaming\Python\Python314\site-packages\discord\app_commands\commands.py", line 884, in _invoke_with_namespace
    return await self._do_call(interaction, transformed_values)
  File "C:\Users\pisc639\AppData\Roaming\Python\Python314\site-packages\discord\app_commands\commands.py", line 858, in _do_call
    return await self._callback(self.binding, interaction, **params)  # type: ignore
  File "C:\Users\pisc639\Documents\kmutnb\old-exam\bot\cogs\main_commands.py", line 230, in _search
    await interaction.followup.send(view=old_exam.SearchLayoutView(keyword=keyword))
  File "C:\Users\pisc639\Documents\kmutnb\old-exam\bot\cogs\tools\old_exam.py", line 502, in __init__
    self.results = search(keyword, as_json=True)
  File "C:\Users\pisc639\Documents\kmutnb\old-exam\bot\cogs\tools\old_exam.py", line 228, in search
    files = filter_files(files, term, period, ep)
  File "C:\Users\pisc639\Documents\kmutnb\old-exam\bot\cogs\tools\old_exam.py", line 217, in filter_files
    return [f for f in file_paths if filter_file(f, term, period, ep)]
  File "C:\Users\pisc639\Documents\kmutnb\old-exam\bot\cogs\tools\old_exam.py", line 200, in filter_file
    file_info = get_file_info(file_path)
  File "C:\Users\pisc639\Documents\kmutnb\old-exam\bot\cogs\tools\old_exam.py", line 180, in get_file_info
    res["fsize"] = file["fsize"].upper() if isinstance(file, dict) and "fsize" in file else str(file_path.stat().st_size)
  File "C:\Python314\Lib\pathlib\__init__.py", line 654, in stat
    return os.stat(self, follow_symlinks=follow_symlinks)

[2026-07-27 17:05:09] [INFO    ] discord.gateway: Shard ID None has successfully RESUMED session f6fc2b24846d37725b9794efdbab25f8.
[2026-07-27 17:08:38] [ERROR   ] discord.client: Ignoring exception in on_message
Traceback (most recent call last):
  File "C:\Users\pisc639\AppData\Roaming\Python\Python314\site-packages\discord\client.py", line 508, in _run_event
    await coro(*args, **kwargs)
  File "C:\Users\pisc639\Documents\kmutnb\old-exam\bot\bot.py", line 71, in on_message
    if message.guild.id == 1521507251565756447:
       ^^^^^^^^^^^^^^^^
AttributeError: 'NoneType' object has no attribute 'id'
[2026-07-27 17:08:41] [ERROR   ] discord.client: Ignoring exception in on_message
Traceback (most recent call last):
  File "C:\Users\pisc639\AppData\Roaming\Python\Python314\site-packages\discord\client.py", line 508, in _run_event
    await coro(*args, **kwargs)
  File "C:\Users\pisc639\Documents\kmutnb\old-exam\bot\bot.py", line 71, in on_message
    if message.guild.id == 1521507251565756447:
       ^^^^^^^^^^^^^^^^
AttributeError: 'NoneType' object has no attribute 'id'
[2026-07-27 17:08:41] [ERROR   ] discord.client: Ignoring exception in on_message
Traceback (most recent call last):
  File "C:\Users\pisc639\AppData\Roaming\Python\Python314\site-packages\discord\client.py", line 508, in _run_event
    await coro(*args, **kwargs)
  File "C:\Users\pisc639\Documents\kmutnb\old-exam\bot\bot.py", line 71, in on_message
    if message.guild.id == 1521507251565756447:
       ^^^^^^^^^^^^^^^^
AttributeError: 'NoneType' object has no attribute 'id'
[2026-07-27 17:17:48] [ERROR   ] discord.client: Ignoring exception in on_message
Traceback (most recent call last):
  File "C:\Users\pisc639\AppData\Roaming\Python\Python314\site-packages\discord\client.py", line 508, in _run_event
    await coro(*args, **kwargs)
  File "C:\Users\pisc639\Documents\kmutnb\old-exam\bot\bot.py", line 71, in on_message
    if message.guild.id == 1521507251565756447:
       ^^^^^^^^^^^^^^^^
AttributeError: 'NoneType' object has no attribute 'id'
[2026-07-27 17:17:49] [ERROR   ] discord.client: Ignoring exception in on_message
Traceback (most recent call last):
  File "C:\Users\pisc639\AppData\Roaming\Python\Python314\site-packages\discord\client.py", line 508, in _run_event
    await coro(*args, **kwargs)
  File "C:\Users\pisc639\Documents\kmutnb\old-exam\bot\bot.py", line 71, in on_message
    if message.guild.id == 1521507251565756447:
       ^^^^^^^^^^^^^^^^
AttributeError: 'NoneType' object has no attribute 'id'
[2026-07-27 17:17:50] [ERROR   ] discord.client: Ignoring exception in on_message
Traceback (most recent call last):
  File "C:\Users\pisc639\AppData\Roaming\Python\Python314\site-packages\discord\client.py", line 508, in _run_event
    await coro(*args, **kwargs)
  File "C:\Users\pisc639\Documents\kmutnb\old-exam\bot\bot.py", line 71, in on_message
    if message.guild.id == 1521507251565756447:
       ^^^^^^^^^^^^^^^^
AttributeError: 'NoneType' object has no attribute 'id'
[2026-07-27 17:18:22] [ERROR   ] discord.client: Ignoring exception in on_message
Traceback (most recent call last):
  File "C:\Users\pisc639\AppData\Roaming\Python\Python314\site-packages\discord\client.py", line 508, in _run_event
    await coro(*args, **kwargs)
  File "C:\Users\pisc639\Documents\kmutnb\old-exam\bot\bot.py", line 71, in on_message
    if message.guild.id == 1521507251565756447:
       ^^^^^^^^^^^^^^^^
AttributeError: 'NoneType' object has no attribute 'id'
[2026-07-27 17:18:23] [ERROR   ] discord.client: Ignoring exception in on_message
Traceback (most recent call last):
  File "C:\Users\pisc639\AppData\Roaming\Python\Python314\site-packages\discord\client.py", line 508, in _run_event
    await coro(*args, **kwargs)
  File "C:\Users\pisc639\Documents\kmutnb\old-exam\bot\bot.py", line 71, in on_message
    if message.guild.id == 1521507251565756447:
       ^^^^^^^^^^^^^^^^
AttributeError: 'NoneType' object has no attribute 'id'
[2026-07-27 17:18:24] [ERROR   ] discord.client: Ignoring exception in on_message
Traceback (most recent call last):
  File "C:\Users\pisc639\AppData\Roaming\Python\Python314\site-packages\discord\client.py", line 508, in _run_event
    await coro(*args, **kwargs)
  File "C:\Users\pisc639\Documents\kmutnb\old-exam\bot\bot.py", line 71, in on_message
    if message.guild.id == 1521507251565756447:
       ^^^^^^^^^^^^^^^^
AttributeError: 'NoneType' object has no attribute 'id'
[2026-07-27 17:18:31] [ERROR   ] discord.client: Ignoring exception in on_message
Traceback (most recent call last):
  File "C:\Users\pisc639\AppData\Roaming\Python\Python314\site-packages\discord\client.py", line 508, in _run_event
    await coro(*args, **kwargs)
  File "C:\Users\pisc639\Documents\kmutnb\old-exam\bot\bot.py", line 71, in on_message
    if message.guild.id == 1521507251565756447:
       ^^^^^^^^^^^^^^^^
AttributeError: 'NoneType' object has no attribute 'id'
[2026-07-27 17:18:32] [ERROR   ] discord.client: Ignoring exception in on_message
Traceback (most recent call last):
  File "C:\Users\pisc639\AppData\Roaming\Python\Python314\site-packages\discord\client.py", line 508, in _run_event
    await coro(*args, **kwargs)
  File "C:\Users\pisc639\Documents\kmutnb\old-exam\bot\bot.py", line 71, in on_message
    if message.guild.id == 1521507251565756447:
       ^^^^^^^^^^^^^^^^
AttributeError: 'NoneType' object has no attribute 'id'
[2026-07-27 17:18:33] [ERROR   ] discord.client: Ignoring exception in on_message
Traceback (most recent call last):
  File "C:\Users\pisc639\AppData\Roaming\Python\Python314\site-packages\discord\client.py", line 508, in _run_event
    await coro(*args, **kwargs)
  File "C:\Users\pisc639\Documents\kmutnb\old-exam\bot\bot.py", line 71, in on_message
    if message.guild.id == 1521507251565756447:
       ^^^^^^^^^^^^^^^^
AttributeError: 'NoneType' object has no attribute 'id'
[2026-07-27 17:18:53] [ERROR   ] discord.client: Ignoring exception in on_message
Traceback (most recent call last):
  File "C:\Users\pisc639\AppData\Roaming\Python\Python314\site-packages\discord\client.py", line 508, in _run_event
    await coro(*args, **kwargs)
  File "C:\Users\pisc639\Documents\kmutnb\old-exam\bot\bot.py", line 71, in on_message
    if message.guild.id == 1521507251565756447:
       ^^^^^^^^^^^^^^^^
AttributeError: 'NoneType' object has no attribute 'id'
[2026-07-27 17:18:54] [ERROR   ] discord.client: Ignoring exception in on_message
Traceback (most recent call last):
  File "C:\Users\pisc639\AppData\Roaming\Python\Python314\site-packages\discord\client.py", line 508, in _run_event
    await coro(*args, **kwargs)
  File "C:\Users\pisc639\Documents\kmutnb\old-exam\bot\bot.py", line 71, in on_message
    if message.guild.id == 1521507251565756447:
       ^^^^^^^^^^^^^^^^
AttributeError: 'NoneType' object has no attribute 'id'
[2026-07-27 17:18:55] [ERROR   ] discord.client: Ignoring exception in on_message
Traceback (most recent call last):
  File "C:\Users\pisc639\AppData\Roaming\Python\Python314\site-packages\discord\client.py", line 508, in _run_event
    await coro(*args, **kwargs)
  File "C:\Users\pisc639\Documents\kmutnb\old-exam\bot\bot.py", line 71, in on_message
    if message.guild.id == 1521507251565756447:
       ^^^^^^^^^^^^^^^^
AttributeError: 'NoneType' object has no attribute 'id'
[2026-07-27 17:28:51] [INFO    ] discord.gateway: Shard ID None has successfully RESUMED session f6fc2b24846d37725b9794efdbab25f8.
[2026-07-27 18:25:20] [INFO    ] discord.gateway: Shard ID None has successfully RESUMED session f6fc2b24846d37725b9794efdbab25f8.
[2026-07-27 21:40:43] [INFO    ] discord.gateway: Shard ID None has successfully RESUMED session f6fc2b24846d37725b9794efdbab25f8.
[2026-07-28 00:23:20] [INFO    ] discord.gateway: Shard ID None has successfully RESUMED session f6fc2b24846d37725b9794efdbab25f8.
[2026-07-28 00:30:54] [INFO    ] discord.gateway: Shard ID None has successfully RESUMED session f6fc2b24846d37725b9794efdbab25f8.
[2026-07-28 00:33:59] [INFO    ] discord.gateway: Shard ID None has successfully RESUMED session f6fc2b24846d37725b9794efdbab25f8.
[2026-07-28 00:35:23] [INFO    ] discord.gateway: Shard ID None has successfully RESUMED session f6fc2b24846d37725b9794efdbab25f8.
[2026-07-28 00:49:28] [INFO    ] discord.gateway: Shard ID None has successfully RESUMED session f6fc2b24846d37725b9794efdbab25f8.
[2026-07-28 00:51:29] [INFO    ] discord.gateway: Shard ID None has successfully RESUMED session f6fc2b24846d37725b9794efdbab25f8.
[2026-07-28 00:52:31] [INFO    ] discord.gateway: Shard ID None has successfully RESUMED session f6fc2b24846d37725b9794efdbab25f8.
[2026-07-28 00:55:58] [INFO    ] discord.gateway: Shard ID None has successfully RESUMED session f6fc2b24846d37725b9794efdbab25f8.
[2026-07-28 00:57:44] [INFO    ] discord.gateway: Shard ID None has successfully RESUMED session f6fc2b24846d37725b9794efdbab25f8.
[2026-07-28 00:58:46] [INFO    ] discord.gateway: Shard ID None has successfully RESUMED session f6fc2b24846d37725b9794efdbab25f8.
[2026-07-28 01:00:51] [INFO    ] discord.gateway: Shard ID None has successfully RESUMED session f6fc2b24846d37725b9794efdbab25f8.
[2026-07-28 01:08:03] [INFO    ] discord.gateway: Shard ID None has successfully RESUMED session f6fc2b24846d37725b9794efdbab25f8.
[2026-07-28 01:09:04] [INFO    ] discord.gateway: Shard ID None has successfully RESUMED session f6fc2b24846d37725b9794efdbab25f8.
[2026-07-28 01:16:01] [INFO    ] discord.gateway: Shard ID None session has been invalidated.
[2026-07-28 01:16:07] [INFO    ] discord.gateway: Shard ID None has connected to Gateway (Session ID: a6df0c778517f1bccc9a73751367649e).
[2026-07-28 01:17:26] [INFO    ] discord.gateway: Shard ID None has successfully RESUMED session a6df0c778517f1bccc9a73751367649e.
[2026-07-28 01:20:31] [INFO    ] discord.gateway: Shard ID None has successfully RESUMED session a6df0c778517f1bccc9a73751367649e.
[2026-07-28 02:30:49] [ERROR   ] discord.client: Attempting a reconnect in 1.63s
Traceback (most recent call last):
  File "C:\Users\pisc639\AppData\Roaming\Python\Python314\site-packages\aiohttp\connector.py", line 1574, in _create_direct_connection
    hosts = await self._resolve_host(host, port, traces=traces)
            ^^^^^^^^^^^^^^^^^^^^^^^^^^^^^^^^^^^^^^^^^^^^^^^^^^^
  File "C:\Users\pisc639\AppData\Roaming\Python\Python314\site-packages\aiohttp\connector.py", line 1190, in _resolve_host
    return await asyncio.shield(resolved_host_task)
           ^^^^^^^^^^^^^^^^^^^^^^^^^^^^^^^^^^^^^^^^
  File "C:\Users\pisc639\AppData\Roaming\Python\Python314\site-packages\aiohttp\connector.py", line 1221, in _resolve_host_with_throttle
    addrs = await self._resolver.resolve(host, port, family=self._family)
            ^^^^^^^^^^^^^^^^^^^^^^^^^^^^^^^^^^^^^^^^^^^^^^^^^^^^^^^^^^^^^
  File "C:\Users\pisc639\AppData\Roaming\Python\Python314\site-packages\aiohttp\resolver.py", line 40, in resolve
    infos = await self._loop.getaddrinfo(
            ^^^^^^^^^^^^^^^^^^^^^^^^^^^^^
    ...<5 lines>...
    )
    ^
  File "C:\Python314\Lib\asyncio\base_events.py", line 936, in getaddrinfo
    return await self.run_in_executor(
           ^^^^^^^^^^^^^^^^^^^^^^^^^^^
        None, getaddr_func, host, port, family, type, proto, flags)
        ^^^^^^^^^^^^^^^^^^^^^^^^^^^^^^^^^^^^^^^^^^^^^^^^^^^^^^^^^^^
  File "C:\Python314\Lib\concurrent\futures\thread.py", line 86, in run
    result = ctx.run(self.task)
  File "C:\Python314\Lib\concurrent\futures\thread.py", line 73, in run
    return fn(*args, **kwargs)
  File "C:\Python314\Lib\socket.py", line 987, in getaddrinfo
    for res in _socket.getaddrinfo(host, port, family, type, proto, flags):
               ~~~~~~~~~~~~~~~~~~~^^^^^^^^^^^^^^^^^^^^^^^^^^^^^^^^^^^^^^^^
socket.gaierror: [Errno 11004] getaddrinfo failed

The above exception was the direct cause of the following exception:

Traceback (most recent call last):
  File "C:\Users\pisc639\AppData\Roaming\Python\Python314\site-packages\discord\client.py", line 728, in connect
    self.ws = await asyncio.wait_for(coro, timeout=60.0)
              ^^^^^^^^^^^^^^^^^^^^^^^^^^^^^^^^^^^^^^^^^^
  File "C:\Python314\Lib\asyncio\tasks.py", line 488, in wait_for
    return await fut
           ^^^^^^^^^
  File "C:\Users\pisc639\AppData\Roaming\Python\Python314\site-packages\discord\gateway.py", line 392, in from_client
    socket = await client.http.ws_connect(str(url))
             ^^^^^^^^^^^^^^^^^^^^^^^^^^^^^^^^^^^^^^
  File "C:\Users\pisc639\AppData\Roaming\Python\Python314\site-packages\discord\http.py", line 571, in ws_connect
    return await self.__session.ws_connect(url, **kwargs)
           ^^^^^^^^^^^^^^^^^^^^^^^^^^^^^^^^^^^^^^^^^^^^^^
  File "C:\Users\pisc639\AppData\Roaming\Python\Python314\site-packages\aiohttp\client.py", line 1087, in _ws_connect
    resp = await self.request(
           ^^^^^^^^^^^^^^^^^^^
    ...<11 lines>...
    )
    ^
  File "C:\Users\pisc639\AppData\Roaming\Python\Python314\site-packages\aiohttp\client.py", line 788, in _request
    resp = await handler(req)
           ^^^^^^^^^^^^^^^^^^
  File "C:\Users\pisc639\AppData\Roaming\Python\Python314\site-packages\aiohttp\client.py", line 742, in _connect_and_send_request
    conn = await self._connector.connect(
           ^^^^^^^^^^^^^^^^^^^^^^^^^^^^^^
        req, traces=traces, timeout=real_timeout
        ^^^^^^^^^^^^^^^^^^^^^^^^^^^^^^^^^^^^^^^^
    )
    ^
  File "C:\Users\pisc639\AppData\Roaming\Python\Python314\site-packages\aiohttp\connector.py", line 672, in connect
    proto = await self._create_connection(req, traces, timeout)
            ^^^^^^^^^^^^^^^^^^^^^^^^^^^^^^^^^^^^^^^^^^^^^^^^^^^
  File "C:\Users\pisc639\AppData\Roaming\Python\Python314\site-packages\aiohttp\connector.py", line 1251, in _create_connection
    _, proto = await self._create_direct_connection(req, traces, timeout)
               ^^^^^^^^^^^^^^^^^^^^^^^^^^^^^^^^^^^^^^^^^^^^^^^^^^^^^^^^^^
  File "C:\Users\pisc639\AppData\Roaming\Python\Python314\site-packages\aiohttp\connector.py", line 1580, in _create_direct_connection
    raise ClientConnectorDNSError(req.connection_key, exc) from exc
aiohttp.client_exceptions.ClientConnectorDNSError: Cannot connect to host gateway-us-east1-d.discord.gg:443 ssl:default [getaddrinfo failed]
[2026-07-28 02:30:51] [ERROR   ] discord.client: Attempting a reconnect in 3.57s
Traceback (most recent call last):
  File "C:\Users\pisc639\AppData\Roaming\Python\Python314\site-packages\aiohttp\connector.py", line 1574, in _create_direct_connection
    hosts = await self._resolve_host(host, port, traces=traces)
            ^^^^^^^^^^^^^^^^^^^^^^^^^^^^^^^^^^^^^^^^^^^^^^^^^^^
  File "C:\Users\pisc639\AppData\Roaming\Python\Python314\site-packages\aiohttp\connector.py", line 1190, in _resolve_host
    return await asyncio.shield(resolved_host_task)
           ^^^^^^^^^^^^^^^^^^^^^^^^^^^^^^^^^^^^^^^^
  File "C:\Users\pisc639\AppData\Roaming\Python\Python314\site-packages\aiohttp\connector.py", line 1221, in _resolve_host_with_throttle
    addrs = await self._resolver.resolve(host, port, family=self._family)
            ^^^^^^^^^^^^^^^^^^^^^^^^^^^^^^^^^^^^^^^^^^^^^^^^^^^^^^^^^^^^^
  File "C:\Users\pisc639\AppData\Roaming\Python\Python314\site-packages\aiohttp\resolver.py", line 40, in resolve
    infos = await self._loop.getaddrinfo(
            ^^^^^^^^^^^^^^^^^^^^^^^^^^^^^
    ...<5 lines>...
    )
    ^
  File "C:\Python314\Lib\asyncio\base_events.py", line 936, in getaddrinfo
    return await self.run_in_executor(
           ^^^^^^^^^^^^^^^^^^^^^^^^^^^
        None, getaddr_func, host, port, family, type, proto, flags)
        ^^^^^^^^^^^^^^^^^^^^^^^^^^^^^^^^^^^^^^^^^^^^^^^^^^^^^^^^^^^
  File "C:\Python314\Lib\concurrent\futures\thread.py", line 86, in run
    result = ctx.run(self.task)
  File "C:\Python314\Lib\concurrent\futures\thread.py", line 73, in run
    return fn(*args, **kwargs)
  File "C:\Python314\Lib\socket.py", line 987, in getaddrinfo
    for res in _socket.getaddrinfo(host, port, family, type, proto, flags):
               ~~~~~~~~~~~~~~~~~~~^^^^^^^^^^^^^^^^^^^^^^^^^^^^^^^^^^^^^^^^
socket.gaierror: [Errno 11004] getaddrinfo failed

The above exception was the direct cause of the following exception:

Traceback (most recent call last):
  File "C:\Users\pisc639\AppData\Roaming\Python\Python314\site-packages\discord\client.py", line 728, in connect
    self.ws = await asyncio.wait_for(coro, timeout=60.0)
              ^^^^^^^^^^^^^^^^^^^^^^^^^^^^^^^^^^^^^^^^^^
  File "C:\Python314\Lib\asyncio\tasks.py", line 488, in wait_for
    return await fut
           ^^^^^^^^^
  File "C:\Users\pisc639\AppData\Roaming\Python\Python314\site-packages\discord\gateway.py", line 392, in from_client
    socket = await client.http.ws_connect(str(url))
             ^^^^^^^^^^^^^^^^^^^^^^^^^^^^^^^^^^^^^^
  File "C:\Users\pisc639\AppData\Roaming\Python\Python314\site-packages\discord\http.py", line 571, in ws_connect
    return await self.__session.ws_connect(url, **kwargs)
           ^^^^^^^^^^^^^^^^^^^^^^^^^^^^^^^^^^^^^^^^^^^^^^
  File "C:\Users\pisc639\AppData\Roaming\Python\Python314\site-packages\aiohttp\client.py", line 1087, in _ws_connect
    resp = await self.request(
           ^^^^^^^^^^^^^^^^^^^
    ...<11 lines>...
    )
    ^
  File "C:\Users\pisc639\AppData\Roaming\Python\Python314\site-packages\aiohttp\client.py", line 788, in _request
    resp = await handler(req)
           ^^^^^^^^^^^^^^^^^^
  File "C:\Users\pisc639\AppData\Roaming\Python\Python314\site-packages\aiohttp\client.py", line 742, in _connect_and_send_request
    conn = await self._connector.connect(
           ^^^^^^^^^^^^^^^^^^^^^^^^^^^^^^
        req, traces=traces, timeout=real_timeout
        ^^^^^^^^^^^^^^^^^^^^^^^^^^^^^^^^^^^^^^^^
    )
    ^
  File "C:\Users\pisc639\AppData\Roaming\Python\Python314\site-packages\aiohttp\connector.py", line 672, in connect
    proto = await self._create_connection(req, traces, timeout)
            ^^^^^^^^^^^^^^^^^^^^^^^^^^^^^^^^^^^^^^^^^^^^^^^^^^^
  File "C:\Users\pisc639\AppData\Roaming\Python\Python314\site-packages\aiohttp\connector.py", line 1251, in _create_connection
    _, proto = await self._create_direct_connection(req, traces, timeout)
               ^^^^^^^^^^^^^^^^^^^^^^^^^^^^^^^^^^^^^^^^^^^^^^^^^^^^^^^^^^
  File "C:\Users\pisc639\AppData\Roaming\Python\Python314\site-packages\aiohttp\connector.py", line 1580, in _create_direct_connection
    raise ClientConnectorDNSError(req.connection_key, exc) from exc
aiohttp.client_exceptions.ClientConnectorDNSError: Cannot connect to host gateway-us-east1-d.discord.gg:443 ssl:default [getaddrinfo failed]
[2026-07-28 02:30:55] [ERROR   ] discord.client: Attempting a reconnect in 5.01s
Traceback (most recent call last):
  File "C:\Users\pisc639\AppData\Roaming\Python\Python314\site-packages\aiohttp\connector.py", line 1574, in _create_direct_connection
    hosts = await self._resolve_host(host, port, traces=traces)
            ^^^^^^^^^^^^^^^^^^^^^^^^^^^^^^^^^^^^^^^^^^^^^^^^^^^
  File "C:\Users\pisc639\AppData\Roaming\Python\Python314\site-packages\aiohttp\connector.py", line 1190, in _resolve_host
    return await asyncio.shield(resolved_host_task)
           ^^^^^^^^^^^^^^^^^^^^^^^^^^^^^^^^^^^^^^^^
  File "C:\Users\pisc639\AppData\Roaming\Python\Python314\site-packages\aiohttp\connector.py", line 1221, in _resolve_host_with_throttle
    addrs = await self._resolver.resolve(host, port, family=self._family)
            ^^^^^^^^^^^^^^^^^^^^^^^^^^^^^^^^^^^^^^^^^^^^^^^^^^^^^^^^^^^^^
  File "C:\Users\pisc639\AppData\Roaming\Python\Python314\site-packages\aiohttp\resolver.py", line 40, in resolve
    infos = await self._loop.getaddrinfo(
            ^^^^^^^^^^^^^^^^^^^^^^^^^^^^^
    ...<5 lines>...
    )
    ^
  File "C:\Python314\Lib\asyncio\base_events.py", line 936, in getaddrinfo
    return await self.run_in_executor(
           ^^^^^^^^^^^^^^^^^^^^^^^^^^^
        None, getaddr_func, host, port, family, type, proto, flags)
        ^^^^^^^^^^^^^^^^^^^^^^^^^^^^^^^^^^^^^^^^^^^^^^^^^^^^^^^^^^^
  File "C:\Python314\Lib\concurrent\futures\thread.py", line 86, in run
    result = ctx.run(self.task)
  File "C:\Python314\Lib\concurrent\futures\thread.py", line 73, in run
    return fn(*args, **kwargs)
  File "C:\Python314\Lib\socket.py", line 987, in getaddrinfo
    for res in _socket.getaddrinfo(host, port, family, type, proto, flags):
               ~~~~~~~~~~~~~~~~~~~^^^^^^^^^^^^^^^^^^^^^^^^^^^^^^^^^^^^^^^^
socket.gaierror: [Errno 11004] getaddrinfo failed

The above exception was the direct cause of the following exception:

Traceback (most recent call last):
  File "C:\Users\pisc639\AppData\Roaming\Python\Python314\site-packages\discord\client.py", line 728, in connect
    self.ws = await asyncio.wait_for(coro, timeout=60.0)
              ^^^^^^^^^^^^^^^^^^^^^^^^^^^^^^^^^^^^^^^^^^
  File "C:\Python314\Lib\asyncio\tasks.py", line 488, in wait_for
    return await fut
           ^^^^^^^^^
  File "C:\Users\pisc639\AppData\Roaming\Python\Python314\site-packages\discord\gateway.py", line 392, in from_client
    socket = await client.http.ws_connect(str(url))
             ^^^^^^^^^^^^^^^^^^^^^^^^^^^^^^^^^^^^^^
  File "C:\Users\pisc639\AppData\Roaming\Python\Python314\site-packages\discord\http.py", line 571, in ws_connect
    return await self.__session.ws_connect(url, **kwargs)
           ^^^^^^^^^^^^^^^^^^^^^^^^^^^^^^^^^^^^^^^^^^^^^^
  File "C:\Users\pisc639\AppData\Roaming\Python\Python314\site-packages\aiohttp\client.py", line 1087, in _ws_connect
    resp = await self.request(
           ^^^^^^^^^^^^^^^^^^^
    ...<11 lines>...
    )
    ^
  File "C:\Users\pisc639\AppData\Roaming\Python\Python314\site-packages\aiohttp\client.py", line 788, in _request
    resp = await handler(req)
           ^^^^^^^^^^^^^^^^^^
  File "C:\Users\pisc639\AppData\Roaming\Python\Python314\site-packages\aiohttp\client.py", line 742, in _connect_and_send_request
    conn = await self._connector.connect(
           ^^^^^^^^^^^^^^^^^^^^^^^^^^^^^^
        req, traces=traces, timeout=real_timeout
        ^^^^^^^^^^^^^^^^^^^^^^^^^^^^^^^^^^^^^^^^
    )
    ^
  File "C:\Users\pisc639\AppData\Roaming\Python\Python314\site-packages\aiohttp\connector.py", line 672, in connect
    proto = await self._create_connection(req, traces, timeout)
            ^^^^^^^^^^^^^^^^^^^^^^^^^^^^^^^^^^^^^^^^^^^^^^^^^^^
  File "C:\Users\pisc639\AppData\Roaming\Python\Python314\site-packages\aiohttp\connector.py", line 1251, in _create_connection
    _, proto = await self._create_direct_connection(req, traces, timeout)
               ^^^^^^^^^^^^^^^^^^^^^^^^^^^^^^^^^^^^^^^^^^^^^^^^^^^^^^^^^^
  File "C:\Users\pisc639\AppData\Roaming\Python\Python314\site-packages\aiohttp\connector.py", line 1580, in _create_direct_connection
    raise ClientConnectorDNSError(req.connection_key, exc) from exc
aiohttp.client_exceptions.ClientConnectorDNSError: Cannot connect to host gateway-us-east1-d.discord.gg:443 ssl:default [getaddrinfo failed]
[2026-07-28 02:31:00] [ERROR   ] discord.client: Attempting a reconnect in 4.96s
Traceback (most recent call last):
  File "C:\Users\pisc639\AppData\Roaming\Python\Python314\site-packages\aiohttp\connector.py", line 1574, in _create_direct_connection
    hosts = await self._resolve_host(host, port, traces=traces)
            ^^^^^^^^^^^^^^^^^^^^^^^^^^^^^^^^^^^^^^^^^^^^^^^^^^^
  File "C:\Users\pisc639\AppData\Roaming\Python\Python314\site-packages\aiohttp\connector.py", line 1190, in _resolve_host
    return await asyncio.shield(resolved_host_task)
           ^^^^^^^^^^^^^^^^^^^^^^^^^^^^^^^^^^^^^^^^
  File "C:\Users\pisc639\AppData\Roaming\Python\Python314\site-packages\aiohttp\connector.py", line 1221, in _resolve_host_with_throttle
    addrs = await self._resolver.resolve(host, port, family=self._family)
            ^^^^^^^^^^^^^^^^^^^^^^^^^^^^^^^^^^^^^^^^^^^^^^^^^^^^^^^^^^^^^
  File "C:\Users\pisc639\AppData\Roaming\Python\Python314\site-packages\aiohttp\resolver.py", line 40, in resolve
    infos = await self._loop.getaddrinfo(
            ^^^^^^^^^^^^^^^^^^^^^^^^^^^^^
    ...<5 lines>...
    )
    ^
  File "C:\Python314\Lib\asyncio\base_events.py", line 936, in getaddrinfo
    return await self.run_in_executor(
           ^^^^^^^^^^^^^^^^^^^^^^^^^^^
        None, getaddr_func, host, port, family, type, proto, flags)
        ^^^^^^^^^^^^^^^^^^^^^^^^^^^^^^^^^^^^^^^^^^^^^^^^^^^^^^^^^^^
  File "C:\Python314\Lib\concurrent\futures\thread.py", line 86, in run
    result = ctx.run(self.task)
  File "C:\Python314\Lib\concurrent\futures\thread.py", line 73, in run
    return fn(*args, **kwargs)
  File "C:\Python314\Lib\socket.py", line 987, in getaddrinfo
    for res in _socket.getaddrinfo(host, port, family, type, proto, flags):
               ~~~~~~~~~~~~~~~~~~~^^^^^^^^^^^^^^^^^^^^^^^^^^^^^^^^^^^^^^^^
socket.gaierror: [Errno 11004] getaddrinfo failed

The above exception was the direct cause of the following exception:

Traceback (most recent call last):
  File "C:\Users\pisc639\AppData\Roaming\Python\Python314\site-packages\discord\client.py", line 728, in connect
    self.ws = await asyncio.wait_for(coro, timeout=60.0)
              ^^^^^^^^^^^^^^^^^^^^^^^^^^^^^^^^^^^^^^^^^^
  File "C:\Python314\Lib\asyncio\tasks.py", line 488, in wait_for
    return await fut
           ^^^^^^^^^
  File "C:\Users\pisc639\AppData\Roaming\Python\Python314\site-packages\discord\gateway.py", line 392, in from_client
    socket = await client.http.ws_connect(str(url))
             ^^^^^^^^^^^^^^^^^^^^^^^^^^^^^^^^^^^^^^
  File "C:\Users\pisc639\AppData\Roaming\Python\Python314\site-packages\discord\http.py", line 571, in ws_connect
    return await self.__session.ws_connect(url, **kwargs)
           ^^^^^^^^^^^^^^^^^^^^^^^^^^^^^^^^^^^^^^^^^^^^^^
  File "C:\Users\pisc639\AppData\Roaming\Python\Python314\site-packages\aiohttp\client.py", line 1087, in _ws_connect
    resp = await self.request(
           ^^^^^^^^^^^^^^^^^^^
    ...<11 lines>...
    )
    ^
  File "C:\Users\pisc639\AppData\Roaming\Python\Python314\site-packages\aiohttp\client.py", line 788, in _request
    resp = await handler(req)
           ^^^^^^^^^^^^^^^^^^
  File "C:\Users\pisc639\AppData\Roaming\Python\Python314\site-packages\aiohttp\client.py", line 742, in _connect_and_send_request
    conn = await self._connector.connect(
           ^^^^^^^^^^^^^^^^^^^^^^^^^^^^^^
        req, traces=traces, timeout=real_timeout
        ^^^^^^^^^^^^^^^^^^^^^^^^^^^^^^^^^^^^^^^^
    )
    ^
  File "C:\Users\pisc639\AppData\Roaming\Python\Python314\site-packages\aiohttp\connector.py", line 672, in connect
    proto = await self._create_connection(req, traces, timeout)
            ^^^^^^^^^^^^^^^^^^^^^^^^^^^^^^^^^^^^^^^^^^^^^^^^^^^
  File "C:\Users\pisc639\AppData\Roaming\Python\Python314\site-packages\aiohttp\connector.py", line 1251, in _create_connection
    _, proto = await self._create_direct_connection(req, traces, timeout)
               ^^^^^^^^^^^^^^^^^^^^^^^^^^^^^^^^^^^^^^^^^^^^^^^^^^^^^^^^^^
  File "C:\Users\pisc639\AppData\Roaming\Python\Python314\site-packages\aiohttp\connector.py", line 1580, in _create_direct_connection
    raise ClientConnectorDNSError(req.connection_key, exc) from exc
aiohttp.client_exceptions.ClientConnectorDNSError: Cannot connect to host gateway-us-east1-d.discord.gg:443 ssl:default [getaddrinfo failed]
[2026-07-28 02:31:05] [ERROR   ] discord.client: Attempting a reconnect in 21.60s
Traceback (most recent call last):
  File "C:\Users\pisc639\AppData\Roaming\Python\Python314\site-packages\aiohttp\connector.py", line 1574, in _create_direct_connection
    hosts = await self._resolve_host(host, port, traces=traces)
            ^^^^^^^^^^^^^^^^^^^^^^^^^^^^^^^^^^^^^^^^^^^^^^^^^^^
  File "C:\Users\pisc639\AppData\Roaming\Python\Python314\site-packages\aiohttp\connector.py", line 1190, in _resolve_host
    return await asyncio.shield(resolved_host_task)
           ^^^^^^^^^^^^^^^^^^^^^^^^^^^^^^^^^^^^^^^^
  File "C:\Users\pisc639\AppData\Roaming\Python\Python314\site-packages\aiohttp\connector.py", line 1221, in _resolve_host_with_throttle
    addrs = await self._resolver.resolve(host, port, family=self._family)
            ^^^^^^^^^^^^^^^^^^^^^^^^^^^^^^^^^^^^^^^^^^^^^^^^^^^^^^^^^^^^^
  File "C:\Users\pisc639\AppData\Roaming\Python\Python314\site-packages\aiohttp\resolver.py", line 40, in resolve
    infos = await self._loop.getaddrinfo(
            ^^^^^^^^^^^^^^^^^^^^^^^^^^^^^
    ...<5 lines>...
    )
    ^
  File "C:\Python314\Lib\asyncio\base_events.py", line 936, in getaddrinfo
    return await self.run_in_executor(
           ^^^^^^^^^^^^^^^^^^^^^^^^^^^
        None, getaddr_func, host, port, family, type, proto, flags)
        ^^^^^^^^^^^^^^^^^^^^^^^^^^^^^^^^^^^^^^^^^^^^^^^^^^^^^^^^^^^
  File "C:\Python314\Lib\concurrent\futures\thread.py", line 86, in run
    result = ctx.run(self.task)
  File "C:\Python314\Lib\concurrent\futures\thread.py", line 73, in run
    return fn(*args, **kwargs)
  File "C:\Python314\Lib\socket.py", line 987, in getaddrinfo
    for res in _socket.getaddrinfo(host, port, family, type, proto, flags):
               ~~~~~~~~~~~~~~~~~~~^^^^^^^^^^^^^^^^^^^^^^^^^^^^^^^^^^^^^^^^
socket.gaierror: [Errno 11004] getaddrinfo failed

The above exception was the direct cause of the following exception:

Traceback (most recent call last):
  File "C:\Users\pisc639\AppData\Roaming\Python\Python314\site-packages\discord\client.py", line 728, in connect
    self.ws = await asyncio.wait_for(coro, timeout=60.0)
              ^^^^^^^^^^^^^^^^^^^^^^^^^^^^^^^^^^^^^^^^^^
  File "C:\Python314\Lib\asyncio\tasks.py", line 488, in wait_for
    return await fut
           ^^^^^^^^^
  File "C:\Users\pisc639\AppData\Roaming\Python\Python314\site-packages\discord\gateway.py", line 392, in from_client
    socket = await client.http.ws_connect(str(url))
             ^^^^^^^^^^^^^^^^^^^^^^^^^^^^^^^^^^^^^^
  File "C:\Users\pisc639\AppData\Roaming\Python\Python314\site-packages\discord\http.py", line 571, in ws_connect
    return await self.__session.ws_connect(url, **kwargs)
           ^^^^^^^^^^^^^^^^^^^^^^^^^^^^^^^^^^^^^^^^^^^^^^
  File "C:\Users\pisc639\AppData\Roaming\Python\Python314\site-packages\aiohttp\client.py", line 1087, in _ws_connect
    resp = await self.request(
           ^^^^^^^^^^^^^^^^^^^
    ...<11 lines>...
    )
    ^
  File "C:\Users\pisc639\AppData\Roaming\Python\Python314\site-packages\aiohttp\client.py", line 788, in _request
    resp = await handler(req)
           ^^^^^^^^^^^^^^^^^^
  File "C:\Users\pisc639\AppData\Roaming\Python\Python314\site-packages\aiohttp\client.py", line 742, in _connect_and_send_request
    conn = await self._connector.connect(
           ^^^^^^^^^^^^^^^^^^^^^^^^^^^^^^
        req, traces=traces, timeout=real_timeout
        ^^^^^^^^^^^^^^^^^^^^^^^^^^^^^^^^^^^^^^^^
    )
    ^
  File "C:\Users\pisc639\AppData\Roaming\Python\Python314\site-packages\aiohttp\connector.py", line 672, in connect
    proto = await self._create_connection(req, traces, timeout)
            ^^^^^^^^^^^^^^^^^^^^^^^^^^^^^^^^^^^^^^^^^^^^^^^^^^^
  File "C:\Users\pisc639\AppData\Roaming\Python\Python314\site-packages\aiohttp\connector.py", line 1251, in _create_connection
    _, proto = await self._create_direct_connection(req, traces, timeout)
               ^^^^^^^^^^^^^^^^^^^^^^^^^^^^^^^^^^^^^^^^^^^^^^^^^^^^^^^^^^
  File "C:\Users\pisc639\AppData\Roaming\Python\Python314\site-packages\aiohttp\connector.py", line 1580, in _create_direct_connection
    raise ClientConnectorDNSError(req.connection_key, exc) from exc
aiohttp.client_exceptions.ClientConnectorDNSError: Cannot connect to host gateway-us-east1-d.discord.gg:443 ssl:default [getaddrinfo failed]
[2026-07-28 02:31:27] [INFO    ] discord.gateway: Shard ID None has successfully RESUMED session a6df0c778517f1bccc9a73751367649e.
[2026-07-28 04:16:22] [INFO    ] discord.gateway: Shard ID None has successfully RESUMED session a6df0c778517f1bccc9a73751367649e.
[2026-07-28 06:31:13] [INFO    ] discord.gateway: Shard ID None has successfully RESUMED session a6df0c778517f1bccc9a73751367649e.
[2026-07-28 08:15:40] [INFO    ] discord.gateway: Shard ID None has successfully RESUMED session a6df0c778517f1bccc9a73751367649e.
[2026-07-28 08:54:50] [INFO    ] discord.gateway: Shard ID None has successfully RESUMED session a6df0c778517f1bccc9a73751367649e.
[2026-07-28 09:12:19] [INFO    ] discord.gateway: Shard ID None has successfully RESUMED session a6df0c778517f1bccc9a73751367649e.
[2026-07-28 10:07:58] [INFO    ] discord.gateway: Shard ID None has successfully RESUMED session a6df0c778517f1bccc9a73751367649e.
